Archive member included to satisfy reference by file (symbol)

../nios_code_bsp/\libhal_bsp.a(alt_load.o)
                              ../nios_code_bsp//obj/HAL/src/crt0.o (alt_load)
../nios_code_bsp/\libhal_bsp.a(alt_main.o)
                              ../nios_code_bsp//obj/HAL/src/crt0.o (alt_main)
../nios_code_bsp/\libhal_bsp.a(alt_printf.o)
                              obj/default/hello_world_small.o (alt_printf)
../nios_code_bsp/\libhal_bsp.a(alt_putchar.o)
                              ../nios_code_bsp/\libhal_bsp.a(alt_printf.o) (alt_putchar)
../nios_code_bsp/\libhal_bsp.a(alt_putstr.o)
                              obj/default/hello_world_small.o (alt_putstr)
../nios_code_bsp/\libhal_bsp.a(alt_usleep.o)
                              obj/default/hello_world_small.o (usleep)
../nios_code_bsp/\libhal_bsp.a(alt_sys_init.o)
                              ../nios_code_bsp/\libhal_bsp.a(alt_main.o) (alt_irq_init)
../nios_code_bsp/\libhal_bsp.a(altera_avalon_jtag_uart_write.o)
                              ../nios_code_bsp/\libhal_bsp.a(alt_putchar.o) (altera_avalon_jtag_uart_write)
../nios_code_bsp/\libhal_bsp.a(alt_busy_sleep.o)
                              ../nios_code_bsp/\libhal_bsp.a(alt_usleep.o) (alt_busy_sleep)
../nios_code_bsp/\libhal_bsp.a(alt_dcache_flush_all.o)
                              ../nios_code_bsp/\libhal_bsp.a(alt_load.o) (alt_dcache_flush_all)
../nios_code_bsp/\libhal_bsp.a(alt_icache_flush_all.o)
                              ../nios_code_bsp/\libhal_bsp.a(alt_load.o) (alt_icache_flush_all)
../nios_code_bsp/\libhal_bsp.a(altera_nios2_gen2_irq.o)
                              ../nios_code_bsp/\libhal_bsp.a(alt_sys_init.o) (altera_nios2_gen2_irq_init)
c:/intelfpga_lite/18.1/nios2eds/bin/gnu/h-x86_64-mingw32/bin/../lib/gcc/nios2-elf/5.3.0/../../../../../H-x86_64-mingw32/nios2-elf/lib/mno-hw-mul\libsmallc.a(lib_a-strlen.o)
                              ../nios_code_bsp/\libhal_bsp.a(alt_putstr.o) (strlen)
c:/intelfpga_lite/18.1/nios2eds/bin/gnu/h-x86_64-mingw32/bin/../lib/gcc/nios2-elf/5.3.0/mno-hw-mul\libgcc.a(lib2-divmod.o)
                              ../nios_code_bsp/\libhal_bsp.a(alt_busy_sleep.o) (__udivsi3)
c:/intelfpga_lite/18.1/nios2eds/bin/gnu/h-x86_64-mingw32/bin/../lib/gcc/nios2-elf/5.3.0/mno-hw-mul\libgcc.a(lib2-mul.o)
                              ../nios_code_bsp/\libhal_bsp.a(alt_busy_sleep.o) (__mulsi3)

Memory Configuration

Name             Origin             Length             Attributes
reset            0x0000000000010000 0x0000000000000020
memory           0x0000000000010020 0x000000000000ffe0
*default*        0x0000000000000000 0xffffffffffffffff

Linker script and memory map

LOAD ../nios_code_bsp//obj/HAL/src/crt0.o
LOAD obj/default/hello_world_small.o
LOAD c:/intelfpga_lite/18.1/nios2eds/bin/gnu/h-x86_64-mingw32/bin/../lib/gcc/nios2-elf/5.3.0/../../../../../H-x86_64-mingw32/nios2-elf/lib/mno-hw-mul\libstdc++.a
LOAD c:/intelfpga_lite/18.1/nios2eds/bin/gnu/h-x86_64-mingw32/bin/../lib/gcc/nios2-elf/5.3.0/../../../../../H-x86_64-mingw32/nios2-elf/lib/mno-hw-mul\libm.a
LOAD c:/intelfpga_lite/18.1/nios2eds/bin/gnu/h-x86_64-mingw32/bin/../lib/gcc/nios2-elf/5.3.0/mno-hw-mul\libgcc.a
START GROUP
LOAD c:/intelfpga_lite/18.1/nios2eds/bin/gnu/h-x86_64-mingw32/bin/../lib/gcc/nios2-elf/5.3.0/../../../../../H-x86_64-mingw32/nios2-elf/lib/mno-hw-mul\libsmallc.a
LOAD c:/intelfpga_lite/18.1/nios2eds/bin/gnu/h-x86_64-mingw32/bin/../lib/gcc/nios2-elf/5.3.0/mno-hw-mul\libgcc.a
LOAD ../nios_code_bsp/\libhal_bsp.a
LOAD c:/intelfpga_lite/18.1/nios2eds/bin/gnu/h-x86_64-mingw32/bin/../lib/gcc/nios2-elf/5.3.0/../../../../../H-x86_64-mingw32/nios2-elf/lib/mno-hw-mul\libm.a
END GROUP
LOAD c:/intelfpga_lite/18.1/nios2eds/bin/gnu/h-x86_64-mingw32/bin/../lib/gcc/nios2-elf/5.3.0/mno-hw-mul\libgcc.a
                0x0000000000010000                __alt_mem_memory = 0x10000

.entry          0x0000000000010000       0x20
 *(.entry)
 .entry         0x0000000000010000       0x20 ../nios_code_bsp//obj/HAL/src/crt0.o
                0x0000000000010000                __reset
                0x000000000001000c                _exit

.exceptions     0x0000000000010020        0x0
                0x0000000000010020                PROVIDE (__ram_exceptions_start, ABSOLUTE (.))
                0x0000000000010020                . = ALIGN (0x20)
 *(.irq)
 *(.exceptions.entry.label)
 *(.exceptions.entry.user)
 *(.exceptions.entry.ecc_fatal)
 *(.exceptions.entry)
 *(.exceptions.irqtest.user)
 *(.exceptions.irqtest)
 *(.exceptions.irqhandler.user)
 *(.exceptions.irqhandler)
 *(.exceptions.irqreturn.user)
 *(.exceptions.irqreturn)
 *(.exceptions.notirq.label)
 *(.exceptions.notirq.user)
 *(.exceptions.notirq)
 *(.exceptions.soft.user)
 *(.exceptions.soft)
 *(.exceptions.unknown.user)
 *(.exceptions.unknown)
 *(.exceptions.exit.label)
 *(.exceptions.exit.user)
 *(.exceptions.exit)
 *(.exceptions)
                0x0000000000010020                PROVIDE (__ram_exceptions_end, ABSOLUTE (.))
                0x0000000000010020                PROVIDE (__flash_exceptions_start, LOADADDR (.exceptions))

.text           0x0000000000010020      0x668
                [!provide]                        PROVIDE (stext, ABSOLUTE (.))
 *(.interp)
 *(.hash)
 *(.dynsym)
 *(.dynstr)
 *(.gnu.version)
 *(.gnu.version_d)
 *(.gnu.version_r)
 *(.rel.init)
 *(.rela.init)
 *(.rel.text .rel.text.* .rel.gnu.linkonce.t.*)
 *(.rela.text .rela.text.* .rela.gnu.linkonce.t.*)
 *(.rel.fini)
 *(.rela.fini)
 *(.rel.rodata .rel.rodata.* .rel.gnu.linkonce.r.*)
 *(.rela.rodata .rela.rodata.* .rela.gnu.linkonce.r.*)
 *(.rel.data .rel.data.* .rel.gnu.linkonce.d.*)
 *(.rela.data .rela.data.* .rela.gnu.linkonce.d.*)
 *(.rel.tdata .rel.tdata.* .rel.gnu.linkonce.td.*)
 *(.rela.tdata .rela.tdata.* .rela.gnu.linkonce.td.*)
 *(.rel.tbss .rel.tbss.* .rel.gnu.linkonce.tb.*)
 *(.rela.tbss .rela.tbss.* .rela.gnu.linkonce.tb.*)
 *(.rel.ctors)
 *(.rela.ctors)
 *(.rel.dtors)
 *(.rela.dtors)
 *(.rel.got)
 *(.rela.got)
 *(.rel.sdata .rel.sdata.* .rel.gnu.linkonce.s.*)
 *(.rela.sdata .rela.sdata.* .rela.gnu.linkonce.s.*)
 *(.rel.sbss .rel.sbss.* .rel.gnu.linkonce.sb.*)
 *(.rela.sbss .rela.sbss.* .rela.gnu.linkonce.sb.*)
 *(.rel.sdata2 .rel.sdata2.* .rel.gnu.linkonce.s2.*)
 *(.rela.sdata2 .rela.sdata2.* .rela.gnu.linkonce.s2.*)
 *(.rel.sbss2 .rel.sbss2.* .rel.gnu.linkonce.sb2.*)
 *(.rela.sbss2 .rela.sbss2.* .rela.gnu.linkonce.sb2.*)
 *(.rel.bss .rel.bss.* .rel.gnu.linkonce.b.*)
 *(.rela.bss .rela.bss.* .rela.gnu.linkonce.b.*)
 *(.rel.plt)
 *(.rela.plt)
 *(.rel.dyn)
 *(.init)
 *(.plt)
 *(.text .stub .text.* .gnu.linkonce.t.*)
 .text          0x0000000000010020       0x3c ../nios_code_bsp//obj/HAL/src/crt0.o
                0x0000000000010020                _start
 .text          0x000000000001005c        0x0 obj/default/hello_world_small.o
 .text.startup  0x000000000001005c       0x44 obj/default/hello_world_small.o
                0x000000000001005c                main
 .text          0x00000000000100a0       0xe0 ../nios_code_bsp/\libhal_bsp.a(alt_load.o)
                0x00000000000100a0                alt_load
 .text          0x0000000000010180       0x2c ../nios_code_bsp/\libhal_bsp.a(alt_main.o)
                0x0000000000010180                alt_main
 .text          0x00000000000101ac      0x170 ../nios_code_bsp/\libhal_bsp.a(alt_printf.o)
                0x00000000000101ac                alt_printf
 .text          0x000000000001031c       0x48 ../nios_code_bsp/\libhal_bsp.a(alt_putchar.o)
                0x000000000001031c                alt_putchar
 .text          0x0000000000010364       0x38 ../nios_code_bsp/\libhal_bsp.a(alt_putstr.o)
                0x0000000000010364                alt_putstr
 .text          0x000000000001039c        0x4 ../nios_code_bsp/\libhal_bsp.a(alt_usleep.o)
                0x000000000001039c                usleep
 .text          0x00000000000103a0       0x24 ../nios_code_bsp/\libhal_bsp.a(alt_sys_init.o)
                0x00000000000103a0                alt_irq_init
                0x00000000000103c0                alt_sys_init
 .text          0x00000000000103c4       0x34 ../nios_code_bsp/\libhal_bsp.a(altera_avalon_jtag_uart_write.o)
                0x00000000000103c4                altera_avalon_jtag_uart_write
 .text          0x00000000000103f8       0x88 ../nios_code_bsp/\libhal_bsp.a(alt_busy_sleep.o)
                0x00000000000103f8                alt_busy_sleep
 .text          0x0000000000010480        0x4 ../nios_code_bsp/\libhal_bsp.a(alt_dcache_flush_all.o)
                0x0000000000010480                alt_dcache_flush_all
 .text          0x0000000000010484        0x4 ../nios_code_bsp/\libhal_bsp.a(alt_icache_flush_all.o)
                0x0000000000010484                alt_icache_flush_all
 .text          0x0000000000010488        0x8 ../nios_code_bsp/\libhal_bsp.a(altera_nios2_gen2_irq.o)
                0x0000000000010488                altera_nios2_gen2_irq_init
 .text          0x0000000000010490        0x0 c:/intelfpga_lite/18.1/nios2eds/bin/gnu/h-x86_64-mingw32/bin/../lib/gcc/nios2-elf/5.3.0/../../../../../H-x86_64-mingw32/nios2-elf/lib/mno-hw-mul\libsmallc.a(lib_a-strlen.o)
 .text.strlen   0x0000000000010490       0x1c c:/intelfpga_lite/18.1/nios2eds/bin/gnu/h-x86_64-mingw32/bin/../lib/gcc/nios2-elf/5.3.0/../../../../../H-x86_64-mingw32/nios2-elf/lib/mno-hw-mul\libsmallc.a(lib_a-strlen.o)
                0x0000000000010490                strlen
 .text          0x00000000000104ac      0x1b4 c:/intelfpga_lite/18.1/nios2eds/bin/gnu/h-x86_64-mingw32/bin/../lib/gcc/nios2-elf/5.3.0/mno-hw-mul\libgcc.a(lib2-divmod.o)
                0x00000000000104ac                __divsi3
                0x0000000000010530                __modsi3
                0x00000000000105a4                __udivsi3
                0x0000000000010608                __umodsi3
 .text          0x0000000000010660       0x28 c:/intelfpga_lite/18.1/nios2eds/bin/gnu/h-x86_64-mingw32/bin/../lib/gcc/nios2-elf/5.3.0/mno-hw-mul\libgcc.a(lib2-mul.o)
                0x0000000000010660                __mulsi3
 *(.gnu.warning.*)
 *(.fini)
                [!provide]                        PROVIDE (__etext, ABSOLUTE (.))
                [!provide]                        PROVIDE (_etext, ABSOLUTE (.))
                [!provide]                        PROVIDE (etext, ABSOLUTE (.))
 *(.eh_frame_hdr)
                0x0000000000010688                . = ALIGN (0x4)
                [!provide]                        PROVIDE (__preinit_array_start, ABSOLUTE (.))
 *(.preinit_array)
                [!provide]                        PROVIDE (__preinit_array_end, ABSOLUTE (.))
                [!provide]                        PROVIDE (__init_array_start, ABSOLUTE (.))
 *(.init_array)
                [!provide]                        PROVIDE (__init_array_end, ABSOLUTE (.))
                [!provide]                        PROVIDE (__fini_array_start, ABSOLUTE (.))
 *(.fini_array)
                [!provide]                        PROVIDE (__fini_array_end, ABSOLUTE (.))
 *(.eh_frame)
 *(.gcc_except_table .gcc_except_table.*)
 *(.dynamic)
                [!provide]                        PROVIDE (__CTOR_LIST__, ABSOLUTE (.))
 *(.ctors)
 *(SORT(.ctors.*))
                [!provide]                        PROVIDE (__CTOR_END__, ABSOLUTE (.))
                [!provide]                        PROVIDE (__DTOR_LIST__, ABSOLUTE (.))
 *(.dtors)
 *(SORT(.dtors.*))
                [!provide]                        PROVIDE (__DTOR_END__, ABSOLUTE (.))
 *(.jcr)
                0x0000000000010688                . = ALIGN (0x4)

.rodata         0x0000000000010688       0x10
                0x0000000000010688                PROVIDE (__ram_rodata_start, ABSOLUTE (.))
                0x0000000000010688                . = ALIGN (0x4)
 *(.rodata .rodata.* .gnu.linkonce.r.*)
 .rodata.str1.4
                0x0000000000010688       0x10 obj/default/hello_world_small.o
 *(.rodata1)
                0x0000000000010698                . = ALIGN (0x4)
                0x0000000000010698                PROVIDE (__ram_rodata_end, ABSOLUTE (.))
                0x0000000000010688                PROVIDE (__flash_rodata_start, LOADADDR (.rodata))

.rwdata         0x0000000000010698        0x4 load address 0x000000000001069c
                0x0000000000010698                PROVIDE (__ram_rwdata_start, ABSOLUTE (.))
                0x0000000000010698                . = ALIGN (0x4)
 *(.got.plt)
 *(.got)
 *(.data1)
 *(.data .data.* .gnu.linkonce.d.*)
 .data          0x0000000000010698        0x0 ../nios_code_bsp//obj/HAL/src/crt0.o
 .data          0x0000000000010698        0x0 obj/default/hello_world_small.o
 .data          0x0000000000010698        0x0 ../nios_code_bsp/\libhal_bsp.a(alt_load.o)
 .data          0x0000000000010698        0x0 ../nios_code_bsp/\libhal_bsp.a(alt_main.o)
 .data          0x0000000000010698        0x0 ../nios_code_bsp/\libhal_bsp.a(alt_printf.o)
 .data          0x0000000000010698        0x0 ../nios_code_bsp/\libhal_bsp.a(alt_putchar.o)
 .data          0x0000000000010698        0x0 ../nios_code_bsp/\libhal_bsp.a(alt_putstr.o)
 .data          0x0000000000010698        0x0 ../nios_code_bsp/\libhal_bsp.a(alt_usleep.o)
 .data          0x0000000000010698        0x0 ../nios_code_bsp/\libhal_bsp.a(alt_sys_init.o)
 .data          0x0000000000010698        0x0 ../nios_code_bsp/\libhal_bsp.a(altera_avalon_jtag_uart_write.o)
 .data          0x0000000000010698        0x0 ../nios_code_bsp/\libhal_bsp.a(alt_busy_sleep.o)
 .data          0x0000000000010698        0x0 ../nios_code_bsp/\libhal_bsp.a(alt_dcache_flush_all.o)
 .data          0x0000000000010698        0x0 ../nios_code_bsp/\libhal_bsp.a(alt_icache_flush_all.o)
 .data          0x0000000000010698        0x0 ../nios_code_bsp/\libhal_bsp.a(altera_nios2_gen2_irq.o)
 .data          0x0000000000010698        0x0 c:/intelfpga_lite/18.1/nios2eds/bin/gnu/h-x86_64-mingw32/bin/../lib/gcc/nios2-elf/5.3.0/../../../../../H-x86_64-mingw32/nios2-elf/lib/mno-hw-mul\libsmallc.a(lib_a-strlen.o)
 .data          0x0000000000010698        0x0 c:/intelfpga_lite/18.1/nios2eds/bin/gnu/h-x86_64-mingw32/bin/../lib/gcc/nios2-elf/5.3.0/mno-hw-mul\libgcc.a(lib2-divmod.o)
 .data          0x0000000000010698        0x0 c:/intelfpga_lite/18.1/nios2eds/bin/gnu/h-x86_64-mingw32/bin/../lib/gcc/nios2-elf/5.3.0/mno-hw-mul\libgcc.a(lib2-mul.o)
                0x0000000000018698                _gp = ABSOLUTE ((. + 0x8000))
                [!provide]                        PROVIDE (gp, _gp)
 *(.rwdata .rwdata.*)
 *(.sdata .sdata.* .gnu.linkonce.s.*)
 .sdata         0x0000000000010698        0x4 ../nios_code_bsp/\libhal_bsp.a(alt_sys_init.o)
                0x0000000000010698                jtag_uart
 *(.sdata2 .sdata2.* .gnu.linkonce.s2.*)
                0x000000000001069c                . = ALIGN (0x4)
                0x000000000001069c                _edata = ABSOLUTE (.)
                [!provide]                        PROVIDE (edata, ABSOLUTE (.))
                0x000000000001069c                PROVIDE (__ram_rwdata_end, ABSOLUTE (.))
                0x000000000001069c                PROVIDE (__flash_rwdata_start, LOADADDR (.rwdata))

.bss            0x00000000000106a0        0xc
                0x00000000000106a0                __bss_start = ABSOLUTE (.)
                [!provide]                        PROVIDE (__sbss_start, ABSOLUTE (.))
                [!provide]                        PROVIDE (___sbss_start, ABSOLUTE (.))
 *(.dynsbss)
 *(.sbss .sbss.* .gnu.linkonce.sb.*)
 .sbss          0x00000000000106a0        0xc ../nios_code_bsp/\libhal_bsp.a(alt_main.o)
                0x00000000000106a0                alt_envp
                0x00000000000106a4                alt_argv
                0x00000000000106a8                alt_argc
 *(.sbss2 .sbss2.* .gnu.linkonce.sb2.*)
 *(.scommon)
                [!provide]                        PROVIDE (__sbss_end, ABSOLUTE (.))
                [!provide]                        PROVIDE (___sbss_end, ABSOLUTE (.))
 *(.dynbss)
 *(.bss .bss.* .gnu.linkonce.b.*)
 .bss           0x00000000000106ac        0x0 ../nios_code_bsp//obj/HAL/src/crt0.o
 .bss           0x00000000000106ac        0x0 obj/default/hello_world_small.o
 .bss           0x00000000000106ac        0x0 ../nios_code_bsp/\libhal_bsp.a(alt_load.o)
 .bss           0x00000000000106ac        0x0 ../nios_code_bsp/\libhal_bsp.a(alt_main.o)
 .bss           0x00000000000106ac        0x0 ../nios_code_bsp/\libhal_bsp.a(alt_printf.o)
 .bss           0x00000000000106ac        0x0 ../nios_code_bsp/\libhal_bsp.a(alt_putchar.o)
 .bss           0x00000000000106ac        0x0 ../nios_code_bsp/\libhal_bsp.a(alt_putstr.o)
 .bss           0x00000000000106ac        0x0 ../nios_code_bsp/\libhal_bsp.a(alt_usleep.o)
 .bss           0x00000000000106ac        0x0 ../nios_code_bsp/\libhal_bsp.a(alt_sys_init.o)
 .bss           0x00000000000106ac        0x0 ../nios_code_bsp/\libhal_bsp.a(altera_avalon_jtag_uart_write.o)
 .bss           0x00000000000106ac        0x0 ../nios_code_bsp/\libhal_bsp.a(alt_busy_sleep.o)
 .bss           0x00000000000106ac        0x0 ../nios_code_bsp/\libhal_bsp.a(alt_dcache_flush_all.o)
 .bss           0x00000000000106ac        0x0 ../nios_code_bsp/\libhal_bsp.a(alt_icache_flush_all.o)
 .bss           0x00000000000106ac        0x0 ../nios_code_bsp/\libhal_bsp.a(altera_nios2_gen2_irq.o)
 .bss           0x00000000000106ac        0x0 c:/intelfpga_lite/18.1/nios2eds/bin/gnu/h-x86_64-mingw32/bin/../lib/gcc/nios2-elf/5.3.0/../../../../../H-x86_64-mingw32/nios2-elf/lib/mno-hw-mul\libsmallc.a(lib_a-strlen.o)
 .bss           0x00000000000106ac        0x0 c:/intelfpga_lite/18.1/nios2eds/bin/gnu/h-x86_64-mingw32/bin/../lib/gcc/nios2-elf/5.3.0/mno-hw-mul\libgcc.a(lib2-divmod.o)
 .bss           0x00000000000106ac        0x0 c:/intelfpga_lite/18.1/nios2eds/bin/gnu/h-x86_64-mingw32/bin/../lib/gcc/nios2-elf/5.3.0/mno-hw-mul\libgcc.a(lib2-mul.o)
 *(COMMON)
                0x00000000000106ac                . = ALIGN (0x4)
                0x00000000000106ac                __bss_end = ABSOLUTE (.)

.memory         0x00000000000106ac        0x0
                [!provide]                        PROVIDE (_alt_partition_memory_start, ABSOLUTE (.))
 *(.memory .memory. memory.*)
                0x00000000000106ac                . = ALIGN (0x4)
                [!provide]                        PROVIDE (_alt_partition_memory_end, ABSOLUTE (.))
                0x00000000000106ac                _end = ABSOLUTE (.)
                0x00000000000106ac                end = ABSOLUTE (.)
                0x00000000000106ac                __alt_stack_base = ABSOLUTE (.)
                [!provide]                        PROVIDE (_alt_partition_memory_load_addr, LOADADDR (.memory))

.stab
 *(.stab)

.stabstr
 *(.stabstr)

.stab.excl
 *(.stab.excl)

.stab.exclstr
 *(.stab.exclstr)

.stab.index
 *(.stab.index)

.stab.indexstr
 *(.stab.indexstr)

.comment        0x0000000000000000       0x23
 *(.comment)
 .comment       0x0000000000000000       0x23 obj/default/hello_world_small.o
                                         0x24 (size before relaxing)
 .comment       0x0000000000000023       0x24 ../nios_code_bsp/\libhal_bsp.a(alt_load.o)
 .comment       0x0000000000000023       0x24 ../nios_code_bsp/\libhal_bsp.a(alt_main.o)
 .comment       0x0000000000000023       0x24 ../nios_code_bsp/\libhal_bsp.a(alt_printf.o)
 .comment       0x0000000000000023       0x24 ../nios_code_bsp/\libhal_bsp.a(alt_putchar.o)
 .comment       0x0000000000000023       0x24 ../nios_code_bsp/\libhal_bsp.a(alt_putstr.o)
 .comment       0x0000000000000023       0x24 ../nios_code_bsp/\libhal_bsp.a(alt_usleep.o)
 .comment       0x0000000000000023       0x24 ../nios_code_bsp/\libhal_bsp.a(alt_sys_init.o)
 .comment       0x0000000000000023       0x24 ../nios_code_bsp/\libhal_bsp.a(altera_avalon_jtag_uart_write.o)
 .comment       0x0000000000000023       0x24 ../nios_code_bsp/\libhal_bsp.a(alt_busy_sleep.o)
 .comment       0x0000000000000023       0x24 ../nios_code_bsp/\libhal_bsp.a(alt_dcache_flush_all.o)
 .comment       0x0000000000000023       0x24 ../nios_code_bsp/\libhal_bsp.a(alt_icache_flush_all.o)
 .comment       0x0000000000000023       0x24 ../nios_code_bsp/\libhal_bsp.a(altera_nios2_gen2_irq.o)
 .comment       0x0000000000000023       0x24 c:/intelfpga_lite/18.1/nios2eds/bin/gnu/h-x86_64-mingw32/bin/../lib/gcc/nios2-elf/5.3.0/../../../../../H-x86_64-mingw32/nios2-elf/lib/mno-hw-mul\libsmallc.a(lib_a-strlen.o)
 .comment       0x0000000000000023       0x24 c:/intelfpga_lite/18.1/nios2eds/bin/gnu/h-x86_64-mingw32/bin/../lib/gcc/nios2-elf/5.3.0/mno-hw-mul\libgcc.a(lib2-divmod.o)
 .comment       0x0000000000000023       0x24 c:/intelfpga_lite/18.1/nios2eds/bin/gnu/h-x86_64-mingw32/bin/../lib/gcc/nios2-elf/5.3.0/mno-hw-mul\libgcc.a(lib2-mul.o)

.debug
 *(.debug)

.line
 *(.line)

.debug_srcinfo
 *(.debug_srcinfo)

.debug_sfnames
 *(.debug_sfnames)

.debug_aranges  0x0000000000000000      0x228
 *(.debug_aranges)
 .debug_aranges
                0x0000000000000000       0x28 ../nios_code_bsp//obj/HAL/src/crt0.o
 .debug_aranges
                0x0000000000000028       0x20 obj/default/hello_world_small.o
 .debug_aranges
                0x0000000000000048       0x20 ../nios_code_bsp/\libhal_bsp.a(alt_load.o)
 .debug_aranges
                0x0000000000000068       0x20 ../nios_code_bsp/\libhal_bsp.a(alt_main.o)
 .debug_aranges
                0x0000000000000088       0x20 ../nios_code_bsp/\libhal_bsp.a(alt_printf.o)
 .debug_aranges
                0x00000000000000a8       0x20 ../nios_code_bsp/\libhal_bsp.a(alt_putchar.o)
 .debug_aranges
                0x00000000000000c8       0x20 ../nios_code_bsp/\libhal_bsp.a(alt_putstr.o)
 .debug_aranges
                0x00000000000000e8       0x20 ../nios_code_bsp/\libhal_bsp.a(alt_usleep.o)
 .debug_aranges
                0x0000000000000108       0x20 ../nios_code_bsp/\libhal_bsp.a(alt_sys_init.o)
 .debug_aranges
                0x0000000000000128       0x20 ../nios_code_bsp/\libhal_bsp.a(altera_avalon_jtag_uart_write.o)
 .debug_aranges
                0x0000000000000148       0x20 ../nios_code_bsp/\libhal_bsp.a(alt_busy_sleep.o)
 .debug_aranges
                0x0000000000000168       0x20 ../nios_code_bsp/\libhal_bsp.a(alt_dcache_flush_all.o)
 .debug_aranges
                0x0000000000000188       0x20 ../nios_code_bsp/\libhal_bsp.a(alt_icache_flush_all.o)
 .debug_aranges
                0x00000000000001a8       0x20 ../nios_code_bsp/\libhal_bsp.a(altera_nios2_gen2_irq.o)
 .debug_aranges
                0x00000000000001c8       0x20 c:/intelfpga_lite/18.1/nios2eds/bin/gnu/h-x86_64-mingw32/bin/../lib/gcc/nios2-elf/5.3.0/../../../../../H-x86_64-mingw32/nios2-elf/lib/mno-hw-mul\libsmallc.a(lib_a-strlen.o)
 .debug_aranges
                0x00000000000001e8       0x20 c:/intelfpga_lite/18.1/nios2eds/bin/gnu/h-x86_64-mingw32/bin/../lib/gcc/nios2-elf/5.3.0/mno-hw-mul\libgcc.a(lib2-divmod.o)
 .debug_aranges
                0x0000000000000208       0x20 c:/intelfpga_lite/18.1/nios2eds/bin/gnu/h-x86_64-mingw32/bin/../lib/gcc/nios2-elf/5.3.0/mno-hw-mul\libgcc.a(lib2-mul.o)

.debug_pubnames
 *(.debug_pubnames)

.debug_info     0x0000000000000000     0x134c
 *(.debug_info .gnu.linkonce.wi.*)
 .debug_info    0x0000000000000000       0x85 ../nios_code_bsp//obj/HAL/src/crt0.o
 .debug_info    0x0000000000000085      0x126 obj/default/hello_world_small.o
 .debug_info    0x00000000000001ab      0x1c9 ../nios_code_bsp/\libhal_bsp.a(alt_load.o)
 .debug_info    0x0000000000000374      0x169 ../nios_code_bsp/\libhal_bsp.a(alt_main.o)
 .debug_info    0x00000000000004dd      0x14d ../nios_code_bsp/\libhal_bsp.a(alt_printf.o)
 .debug_info    0x000000000000062a      0x12a ../nios_code_bsp/\libhal_bsp.a(alt_putchar.o)
 .debug_info    0x0000000000000754      0x13a ../nios_code_bsp/\libhal_bsp.a(alt_putstr.o)
 .debug_info    0x000000000000088e       0xd1 ../nios_code_bsp/\libhal_bsp.a(alt_usleep.o)
 .debug_info    0x000000000000095f      0x185 ../nios_code_bsp/\libhal_bsp.a(alt_sys_init.o)
 .debug_info    0x0000000000000ae4      0x197 ../nios_code_bsp/\libhal_bsp.a(altera_avalon_jtag_uart_write.o)
 .debug_info    0x0000000000000c7b       0xd8 ../nios_code_bsp/\libhal_bsp.a(alt_busy_sleep.o)
 .debug_info    0x0000000000000d53       0x92 ../nios_code_bsp/\libhal_bsp.a(alt_dcache_flush_all.o)
 .debug_info    0x0000000000000de5       0x92 ../nios_code_bsp/\libhal_bsp.a(alt_icache_flush_all.o)
 .debug_info    0x0000000000000e77       0x92 ../nios_code_bsp/\libhal_bsp.a(altera_nios2_gen2_irq.o)
 .debug_info    0x0000000000000f09       0xc9 c:/intelfpga_lite/18.1/nios2eds/bin/gnu/h-x86_64-mingw32/bin/../lib/gcc/nios2-elf/5.3.0/../../../../../H-x86_64-mingw32/nios2-elf/lib/mno-hw-mul\libsmallc.a(lib_a-strlen.o)
 .debug_info    0x0000000000000fd2      0x2c6 c:/intelfpga_lite/18.1/nios2eds/bin/gnu/h-x86_64-mingw32/bin/../lib/gcc/nios2-elf/5.3.0/mno-hw-mul\libgcc.a(lib2-divmod.o)
 .debug_info    0x0000000000001298       0xb4 c:/intelfpga_lite/18.1/nios2eds/bin/gnu/h-x86_64-mingw32/bin/../lib/gcc/nios2-elf/5.3.0/mno-hw-mul\libgcc.a(lib2-mul.o)

.debug_abbrev   0x0000000000000000      0xaab
 *(.debug_abbrev)
 .debug_abbrev  0x0000000000000000       0x12 ../nios_code_bsp//obj/HAL/src/crt0.o
 .debug_abbrev  0x0000000000000012       0xa1 obj/default/hello_world_small.o
 .debug_abbrev  0x00000000000000b3       0xd8 ../nios_code_bsp/\libhal_bsp.a(alt_load.o)
 .debug_abbrev  0x000000000000018b       0xee ../nios_code_bsp/\libhal_bsp.a(alt_main.o)
 .debug_abbrev  0x0000000000000279       0xd5 ../nios_code_bsp/\libhal_bsp.a(alt_printf.o)
 .debug_abbrev  0x000000000000034e       0xd2 ../nios_code_bsp/\libhal_bsp.a(alt_putchar.o)
 .debug_abbrev  0x0000000000000420       0xd3 ../nios_code_bsp/\libhal_bsp.a(alt_putstr.o)
 .debug_abbrev  0x00000000000004f3       0x8d ../nios_code_bsp/\libhal_bsp.a(alt_usleep.o)
 .debug_abbrev  0x0000000000000580      0x107 ../nios_code_bsp/\libhal_bsp.a(alt_sys_init.o)
 .debug_abbrev  0x0000000000000687       0xd5 ../nios_code_bsp/\libhal_bsp.a(altera_avalon_jtag_uart_write.o)
 .debug_abbrev  0x000000000000075c       0x8d ../nios_code_bsp/\libhal_bsp.a(alt_busy_sleep.o)
 .debug_abbrev  0x00000000000007e9       0x42 ../nios_code_bsp/\libhal_bsp.a(alt_dcache_flush_all.o)
 .debug_abbrev  0x000000000000082b       0x42 ../nios_code_bsp/\libhal_bsp.a(alt_icache_flush_all.o)
 .debug_abbrev  0x000000000000086d       0x42 ../nios_code_bsp/\libhal_bsp.a(altera_nios2_gen2_irq.o)
 .debug_abbrev  0x00000000000008af       0x7f c:/intelfpga_lite/18.1/nios2eds/bin/gnu/h-x86_64-mingw32/bin/../lib/gcc/nios2-elf/5.3.0/../../../../../H-x86_64-mingw32/nios2-elf/lib/mno-hw-mul\libsmallc.a(lib_a-strlen.o)
 .debug_abbrev  0x000000000000092e      0x10e c:/intelfpga_lite/18.1/nios2eds/bin/gnu/h-x86_64-mingw32/bin/../lib/gcc/nios2-elf/5.3.0/mno-hw-mul\libgcc.a(lib2-divmod.o)
 .debug_abbrev  0x0000000000000a3c       0x6f c:/intelfpga_lite/18.1/nios2eds/bin/gnu/h-x86_64-mingw32/bin/../lib/gcc/nios2-elf/5.3.0/mno-hw-mul\libgcc.a(lib2-mul.o)

.debug_line     0x0000000000000000      0xc1e
 *(.debug_line)
 .debug_line    0x0000000000000000       0x66 ../nios_code_bsp//obj/HAL/src/crt0.o
 .debug_line    0x0000000000000066      0x10e obj/default/hello_world_small.o
 .debug_line    0x0000000000000174       0xa4 ../nios_code_bsp/\libhal_bsp.a(alt_load.o)
 .debug_line    0x0000000000000218       0xbd ../nios_code_bsp/\libhal_bsp.a(alt_main.o)
 .debug_line    0x00000000000002d5      0x112 ../nios_code_bsp/\libhal_bsp.a(alt_printf.o)
 .debug_line    0x00000000000003e7       0x55 ../nios_code_bsp/\libhal_bsp.a(alt_putchar.o)
 .debug_line    0x000000000000043c       0xa0 ../nios_code_bsp/\libhal_bsp.a(alt_putstr.o)
 .debug_line    0x00000000000004dc       0xcf ../nios_code_bsp/\libhal_bsp.a(alt_usleep.o)
 .debug_line    0x00000000000005ab      0x101 ../nios_code_bsp/\libhal_bsp.a(alt_sys_init.o)
 .debug_line    0x00000000000006ac       0xf0 ../nios_code_bsp/\libhal_bsp.a(altera_avalon_jtag_uart_write.o)
 .debug_line    0x000000000000079c       0xb5 ../nios_code_bsp/\libhal_bsp.a(alt_busy_sleep.o)
 .debug_line    0x0000000000000851       0x4e ../nios_code_bsp/\libhal_bsp.a(alt_dcache_flush_all.o)
 .debug_line    0x000000000000089f       0x4e ../nios_code_bsp/\libhal_bsp.a(alt_icache_flush_all.o)
 .debug_line    0x00000000000008ed       0x50 ../nios_code_bsp/\libhal_bsp.a(altera_nios2_gen2_irq.o)
 .debug_line    0x000000000000093d      0x15c c:/intelfpga_lite/18.1/nios2eds/bin/gnu/h-x86_64-mingw32/bin/../lib/gcc/nios2-elf/5.3.0/../../../../../H-x86_64-mingw32/nios2-elf/lib/mno-hw-mul\libsmallc.a(lib_a-strlen.o)
 .debug_line    0x0000000000000a99      0x105 c:/intelfpga_lite/18.1/nios2eds/bin/gnu/h-x86_64-mingw32/bin/../lib/gcc/nios2-elf/5.3.0/mno-hw-mul\libgcc.a(lib2-divmod.o)
 .debug_line    0x0000000000000b9e       0x80 c:/intelfpga_lite/18.1/nios2eds/bin/gnu/h-x86_64-mingw32/bin/../lib/gcc/nios2-elf/5.3.0/mno-hw-mul\libgcc.a(lib2-mul.o)

.debug_frame    0x0000000000000000      0x2d4
 *(.debug_frame)
 .debug_frame   0x0000000000000000       0x28 obj/default/hello_world_small.o
 .debug_frame   0x0000000000000028       0x30 ../nios_code_bsp/\libhal_bsp.a(alt_load.o)
 .debug_frame   0x0000000000000058       0x2c ../nios_code_bsp/\libhal_bsp.a(alt_main.o)
 .debug_frame   0x0000000000000084       0x54 ../nios_code_bsp/\libhal_bsp.a(alt_printf.o)
 .debug_frame   0x00000000000000d8       0x30 ../nios_code_bsp/\libhal_bsp.a(alt_putchar.o)
 .debug_frame   0x0000000000000108       0x30 ../nios_code_bsp/\libhal_bsp.a(alt_putstr.o)
 .debug_frame   0x0000000000000138       0x20 ../nios_code_bsp/\libhal_bsp.a(alt_usleep.o)
 .debug_frame   0x0000000000000158       0x3c ../nios_code_bsp/\libhal_bsp.a(alt_sys_init.o)
 .debug_frame   0x0000000000000194       0x20 ../nios_code_bsp/\libhal_bsp.a(altera_avalon_jtag_uart_write.o)
 .debug_frame   0x00000000000001b4       0x30 ../nios_code_bsp/\libhal_bsp.a(alt_busy_sleep.o)
 .debug_frame   0x00000000000001e4       0x20 ../nios_code_bsp/\libhal_bsp.a(alt_dcache_flush_all.o)
 .debug_frame   0x0000000000000204       0x20 ../nios_code_bsp/\libhal_bsp.a(alt_icache_flush_all.o)
 .debug_frame   0x0000000000000224       0x20 ../nios_code_bsp/\libhal_bsp.a(altera_nios2_gen2_irq.o)
 .debug_frame   0x0000000000000244       0x20 c:/intelfpga_lite/18.1/nios2eds/bin/gnu/h-x86_64-mingw32/bin/../lib/gcc/nios2-elf/5.3.0/../../../../../H-x86_64-mingw32/nios2-elf/lib/mno-hw-mul\libsmallc.a(lib_a-strlen.o)
 .debug_frame   0x0000000000000264       0x50 c:/intelfpga_lite/18.1/nios2eds/bin/gnu/h-x86_64-mingw32/bin/../lib/gcc/nios2-elf/5.3.0/mno-hw-mul\libgcc.a(lib2-divmod.o)
 .debug_frame   0x00000000000002b4       0x20 c:/intelfpga_lite/18.1/nios2eds/bin/gnu/h-x86_64-mingw32/bin/../lib/gcc/nios2-elf/5.3.0/mno-hw-mul\libgcc.a(lib2-mul.o)

.debug_str      0x0000000000000000      0x887
 *(.debug_str)
 .debug_str     0x0000000000000000      0x13a obj/default/hello_world_small.o
                                        0x178 (size before relaxing)
 .debug_str     0x000000000000013a      0x16c ../nios_code_bsp/\libhal_bsp.a(alt_load.o)
                                        0x253 (size before relaxing)
 .debug_str     0x00000000000002a6       0x8f ../nios_code_bsp/\libhal_bsp.a(alt_main.o)
                                        0x1cc (size before relaxing)
 .debug_str     0x0000000000000335       0x59 ../nios_code_bsp/\libhal_bsp.a(alt_printf.o)
                                        0x11d (size before relaxing)
 .debug_str     0x000000000000038e       0x5e ../nios_code_bsp/\libhal_bsp.a(alt_putchar.o)
                                        0x1a2 (size before relaxing)
 .debug_str     0x00000000000003ec       0x1c ../nios_code_bsp/\libhal_bsp.a(alt_putstr.o)
                                        0x1a7 (size before relaxing)
 .debug_str     0x0000000000000408       0x2f ../nios_code_bsp/\libhal_bsp.a(alt_usleep.o)
                                        0x16e (size before relaxing)
 .debug_str     0x0000000000000437       0x86 ../nios_code_bsp/\libhal_bsp.a(alt_sys_init.o)
                                        0x23b (size before relaxing)
 .debug_str     0x00000000000004bd       0x38 ../nios_code_bsp/\libhal_bsp.a(altera_avalon_jtag_uart_write.o)
                                        0x22c (size before relaxing)
 .debug_str     0x00000000000004f5       0x33 ../nios_code_bsp/\libhal_bsp.a(alt_busy_sleep.o)
                                        0x182 (size before relaxing)
 .debug_str     0x0000000000000528       0x1f ../nios_code_bsp/\libhal_bsp.a(alt_dcache_flush_all.o)
                                        0x16c (size before relaxing)
 .debug_str     0x0000000000000547       0x1f ../nios_code_bsp/\libhal_bsp.a(alt_icache_flush_all.o)
                                        0x16c (size before relaxing)
 .debug_str     0x0000000000000566       0x20 ../nios_code_bsp/\libhal_bsp.a(altera_nios2_gen2_irq.o)
                                        0x173 (size before relaxing)
 .debug_str     0x0000000000000586      0x13a c:/intelfpga_lite/18.1/nios2eds/bin/gnu/h-x86_64-mingw32/bin/../lib/gcc/nios2-elf/5.3.0/../../../../../H-x86_64-mingw32/nios2-elf/lib/mno-hw-mul\libsmallc.a(lib_a-strlen.o)
                                        0x1e5 (size before relaxing)
 .debug_str     0x00000000000006c0      0x187 c:/intelfpga_lite/18.1/nios2eds/bin/gnu/h-x86_64-mingw32/bin/../lib/gcc/nios2-elf/5.3.0/mno-hw-mul\libgcc.a(lib2-divmod.o)
                                        0x1d2 (size before relaxing)
 .debug_str     0x0000000000000847       0x40 c:/intelfpga_lite/18.1/nios2eds/bin/gnu/h-x86_64-mingw32/bin/../lib/gcc/nios2-elf/5.3.0/mno-hw-mul\libgcc.a(lib2-mul.o)
                                        0x193 (size before relaxing)

.debug_loc      0x0000000000000000      0x907
 *(.debug_loc)
 .debug_loc     0x0000000000000000       0x13 obj/default/hello_world_small.o
 .debug_loc     0x0000000000000013      0x1de ../nios_code_bsp/\libhal_bsp.a(alt_printf.o)
 .debug_loc     0x00000000000001f1       0x2c ../nios_code_bsp/\libhal_bsp.a(alt_putchar.o)
 .debug_loc     0x000000000000021d       0x37 ../nios_code_bsp/\libhal_bsp.a(alt_putstr.o)
 .debug_loc     0x0000000000000254       0x21 ../nios_code_bsp/\libhal_bsp.a(alt_usleep.o)
 .debug_loc     0x0000000000000275       0x21 ../nios_code_bsp/\libhal_bsp.a(alt_sys_init.o)
 .debug_loc     0x0000000000000296       0x8b ../nios_code_bsp/\libhal_bsp.a(altera_avalon_jtag_uart_write.o)
 .debug_loc     0x0000000000000321       0x67 ../nios_code_bsp/\libhal_bsp.a(alt_busy_sleep.o)
 .debug_loc     0x0000000000000388       0x1e c:/intelfpga_lite/18.1/nios2eds/bin/gnu/h-x86_64-mingw32/bin/../lib/gcc/nios2-elf/5.3.0/../../../../../H-x86_64-mingw32/nios2-elf/lib/mno-hw-mul\libsmallc.a(lib_a-strlen.o)
 .debug_loc     0x00000000000003a6      0x4ce c:/intelfpga_lite/18.1/nios2eds/bin/gnu/h-x86_64-mingw32/bin/../lib/gcc/nios2-elf/5.3.0/mno-hw-mul\libgcc.a(lib2-divmod.o)
 .debug_loc     0x0000000000000874       0x93 c:/intelfpga_lite/18.1/nios2eds/bin/gnu/h-x86_64-mingw32/bin/../lib/gcc/nios2-elf/5.3.0/mno-hw-mul\libgcc.a(lib2-mul.o)

.debug_macinfo
 *(.debug_macinfo)

.debug_weaknames
 *(.debug_weaknames)

.debug_funcnames
 *(.debug_funcnames)

.debug_typenames
 *(.debug_typenames)

.debug_varnames
 *(.debug_varnames)

.debug_alt_sim_info
                0x0000000000000000       0x40
 *(.debug_alt_sim_info)
 .debug_alt_sim_info
                0x0000000000000000       0x10 ../nios_code_bsp//obj/HAL/src/crt0.o
 .debug_alt_sim_info
                0x0000000000000010       0x30 ../nios_code_bsp/\libhal_bsp.a(alt_busy_sleep.o)
                0x0000000000020000                __alt_data_end = 0x20000
                0x0000000000020000                PROVIDE (__alt_stack_pointer, __alt_data_end)
                [!provide]                        PROVIDE (__alt_stack_limit, __alt_stack_base)
                [!provide]                        PROVIDE (__alt_heap_start, end)
                [!provide]                        PROVIDE (__alt_heap_limit, 0x20000)
OUTPUT(nios_code.elf elf32-littlenios2)

.debug_ranges   0x0000000000000000      0x118
 .debug_ranges  0x0000000000000000       0x20 ../nios_code_bsp//obj/HAL/src/crt0.o
 .debug_ranges  0x0000000000000020       0x28 obj/default/hello_world_small.o
 .debug_ranges  0x0000000000000048       0x48 ../nios_code_bsp/\libhal_bsp.a(alt_load.o)
 .debug_ranges  0x0000000000000090       0x18 ../nios_code_bsp/\libhal_bsp.a(alt_printf.o)
 .debug_ranges  0x00000000000000a8       0x10 c:/intelfpga_lite/18.1/nios2eds/bin/gnu/h-x86_64-mingw32/bin/../lib/gcc/nios2-elf/5.3.0/../../../../../H-x86_64-mingw32/nios2-elf/lib/mno-hw-mul\libsmallc.a(lib_a-strlen.o)
 .debug_ranges  0x00000000000000b8       0x60 c:/intelfpga_lite/18.1/nios2eds/bin/gnu/h-x86_64-mingw32/bin/../lib/gcc/nios2-elf/5.3.0/mno-hw-mul\libgcc.a(lib2-divmod.o)
